npm warn Unknown env config "http-proxy". This will stop working in the next major version of npm.

> training-studio-mobile@0.1.0 export:mobile
> expo export --platform ios --platform android --output-dir dist-mobile

Starting Metro Bundler

| (node:18) Warning: The 'NO_COLOR' env is ignored due to the 'FORCE_COLOR' env being set.
| (Use `node --trace-warnings ...` to show where the warning was created)
| (node:18) Warning: The 'NO_COLOR' env is ignored due to the 'FORCE_COLOR' env being set.
| (Use `node --trace-warnings ...` to show where the warning was created)
| (node:18) Warning: The 'NO_COLOR' env is ignored due to the 'FORCE_COLOR' env being set.
| (Use `node --trace-warnings ...` to show where the warning was created)
| (node:18) Warning: The 'NO_COLOR' env is ignored due to the 'FORCE_COLOR' env being set.
| (Use `node --trace-warnings ...` to show where the warning was created)
| (node:18) Warning: The 'NO_COLOR' env is ignored due to the 'FORCE_COLOR' env being set.
| (Use `node --trace-warnings ...` to show where the warning was created)
| (node:18) Warning: The 'NO_COLOR' env is ignored due to the 'FORCE_COLOR' env being set.
| (Use `node --trace-warnings ...` to show where the warning was created)
Android Bundled 9249ms index.ts (716 modules)
iOS Bundled 16452ms index.ts (824 modules)

› Assets (12):
assets/fonts/AtkinsonHyperlegible_400Regular.ttf (54KB)
assets/fonts/AtkinsonHyperlegible_700Bold.ttf (54KB)
assets/fonts/barlow-condensed-semibold.ttf (109KB)
assets/fonts/inter-variable.ttf (877KB)
assets/fonts/Lexend_400Regular.ttf (78KB)
assets/fonts/Lexend_700Bold.ttf (79KB)
assets/fonts/Nunito_400Regular.ttf (132KB)
assets/fonts/Nunito_700Bold.ttf (132KB)
assets/fonts/Oswald_600SemiBold.ttf (88KB)
assets/fonts/Oswald_700Bold.ttf (88KB)
assets/fonts/Saira_400Regular.ttf (84KB)
assets/fonts/Saira_700Bold.ttf (83KB)

› android bundles (1):
_expo/static/js/android/index-b99836d0849c5f2c41fbff96ac8b8182.hbc (4.7MB)

› ios bundles (1):
_expo/static/js/ios/index-02ecdd4ebda920ef68f8430d890763f6.hbc (4.7MB)

› Files (1):
metadata.json (1.8KB)

Exported: dist-mobile
