2026-10-09T23:03:31.0298452Z Current runner version: '2.337.0'
2026-10-09T23:03:31.0316042Z ##[group]Runner Image Provisioner
2026-10-09T23:03:31.0316683Z Hosted Compute Agent
2026-10-09T23:03:31.0317061Z Version: 20261002.596
2026-10-09T23:03:31.0317451Z Commit: c3d12f3313a95f25162a1503be624f3b0617f8c0
2026-10-09T23:03:31.0317888Z Build Date: 2026-10-02T22:28:27Z
2026-10-09T23:03:31.0318506Z Worker ID: {26b29e54-0041-4dd6-a5b6-2def237ddb10}
2026-10-09T23:03:31.0318945Z Region: westus3
2026-10-09T23:03:31.0319298Z Cloud: Azure
2026-10-09T23:03:31.0319606Z ##[endgroup]
2026-10-09T23:03:31.0320414Z ##[group]Operating System
2026-10-09T23:03:31.0320767Z Ubuntu
2026-10-09T23:03:31.0321136Z 24.04.5
2026-10-09T23:03:31.0321465Z LTS
2026-10-09T23:03:31.0321753Z ##[endgroup]
2026-10-09T23:03:31.0322115Z ##[group]Runner Image
2026-10-09T23:03:31.0322470Z Image: ubuntu-24.04
2026-10-09T23:03:31.0322826Z Version: 20261004.327.1
2026-10-09T23:03:31.0323599Z Included Software: https://github.com/actions/runner-images/blob/ubuntu24/20261004.327/images/ubuntu/Ubuntu2404-Readme.md
2026-10-09T23:03:31.0324487Z Image Release: https://github.com/actions/runner-images/releases/tag/ubuntu24%2F20261004.327
2026-10-09T23:03:31.0325037Z ##[endgroup]
2026-10-09T23:03:31.0325721Z ##[group]GITHUB_TOKEN Permissions
2026-10-09T23:03:31.0326854Z Contents: read
2026-10-09T23:03:31.0327227Z Metadata: read
2026-10-09T23:03:31.0327561Z ##[endgroup]
2026-10-09T23:03:31.0328980Z Secret source: Actions
2026-10-09T23:03:31.0329601Z Cache mode: write
2026-10-09T23:03:31.0330003Z Prepare workflow directory
2026-10-09T23:03:31.0558425Z Prepare all required actions
2026-10-09T23:03:31.0588553Z Getting action download info
2026-10-09T23:03:31.3403573Z Download action repository 'actions/checkout@fbc6f3992d24b796d5a048ff273f7fcc4a7b6c09' (SHA:fbc6f3992d24b796d5a048ff273f7fcc4a7b6c09)
2026-10-09T23:03:31.4437459Z Download action repository 'actions/upload-artifact@ea165f8d65b6e75b540449e92b4886f43607fa02' (SHA:ea165f8d65b6e75b540449e92b4886f43607fa02)
2026-10-09T23:03:31.6279912Z Complete job name: native_changes
2026-10-09T23:03:31.6719373Z ##[group]Run actions/checkout@fbc6f3992d24b796d5a048ff273f7fcc4a7b6c09
2026-10-09T23:03:31.6719892Z with:
2026-10-09T23:03:31.6720128Z   persist-credentials: false
2026-10-09T23:03:31.6720433Z   ref: c60ee243baaf88eb9aa7dbd4c1dea16a01af1d58
2026-10-09T23:03:31.6720751Z   fetch-depth: 0
2026-10-09T23:03:31.6721004Z   repository: ghinz32-cloud/movefield
2026-10-09T23:03:31.6723129Z   token: ***
2026-10-09T23:03:31.6723355Z   ssh-strict: true
2026-10-09T23:03:31.6723594Z   ssh-user: git
2026-10-09T23:03:31.6723823Z   clean: true
2026-10-09T23:03:31.6724065Z   sparse-checkout-cone-mode: true
2026-10-09T23:03:31.6724347Z   fetch-tags: false
2026-10-09T23:03:31.6724588Z   show-progress: true
2026-10-09T23:03:31.6724827Z   lfs: false
2026-10-09T23:03:31.6725051Z   submodules: false
2026-10-09T23:03:31.6725293Z   set-safe-directory: true
2026-10-09T23:03:31.6725565Z   allow-unsafe-pr-checkout: false
2026-10-09T23:03:31.6725905Z env:
2026-10-09T23:03:31.6726136Z   CI: 1
2026-10-09T23:03:31.6726376Z   EXPO_NO_TELEMETRY: 1
2026-10-09T23:03:31.6726623Z ##[endgroup]
2026-10-09T23:03:31.7419640Z Syncing repository: ghinz32-cloud/movefield
2026-10-09T23:03:31.7421119Z ##[group]Getting Git version info
2026-10-09T23:03:31.7421696Z Working directory is '/home/runner/work/movefield/movefield'
2026-10-09T23:03:31.7422575Z [command]/usr/bin/git version
2026-10-09T23:03:31.7482479Z git version 2.55.0
2026-10-09T23:03:31.7495251Z ##[endgroup]
2026-10-09T23:03:31.7504989Z Temporarily overriding HOME='/home/runner/work/_temp/ba493aad-b359-401e-a0a7-05e4ddbcc5b7' before making global git config changes
2026-10-09T23:03:31.7506240Z Adding repository directory to the temporary git global config as a safe directory
2026-10-09T23:03:31.7509081Z [command]/usr/bin/git config --global --add safe.directory /home/runner/work/movefield/movefield
2026-10-09T23:03:31.7655467Z Deleting the contents of '/home/runner/work/movefield/movefield'
2026-10-09T23:03:31.7664864Z ##[group]Initializing the repository
2026-10-09T23:03:31.7666146Z [command]/usr/bin/git init /home/runner/work/movefield/movefield
2026-10-09T23:03:31.7779984Z hint: Using 'master' as the name for the initial branch. This default branch name
2026-10-09T23:03:31.7780917Z hint: will change to "main" in Git 3.0. To configure the initial branch name
2026-10-09T23:03:31.7781744Z hint: to use in all of your new repositories, which will suppress this warning,
2026-10-09T23:03:31.7782350Z hint: call:
2026-10-09T23:03:31.7782792Z hint:
2026-10-09T23:03:31.7783223Z hint: 	git config --global init.defaultBranch <name>
2026-10-09T23:03:31.7783718Z hint:
2026-10-09T23:03:31.7784167Z hint: Names commonly chosen instead of 'master' are 'main', 'trunk' and
2026-10-09T23:03:31.7784907Z hint: 'development'. The just-created branch can be renamed via this command:
2026-10-09T23:03:31.7785491Z hint:
2026-10-09T23:03:31.7785818Z hint: 	git branch -m <name>
2026-10-09T23:03:31.7786193Z hint:
2026-10-09T23:03:31.7786752Z hint: Disable this message with "git config set advice.defaultBranchName false"
2026-10-09T23:03:31.7787564Z Initialized empty Git repository in /home/runner/work/movefield/movefield/.git/
2026-10-09T23:03:31.7789195Z [command]/usr/bin/git remote add origin https://github.com/ghinz32-cloud/movefield
2026-10-09T23:03:31.7831303Z ##[endgroup]
2026-10-09T23:03:31.7831725Z ##[group]Disabling automatic garbage collection
2026-10-09T23:03:31.7834674Z [command]/usr/bin/git config --local gc.auto 0
2026-10-09T23:03:31.7864638Z ##[endgroup]
2026-10-09T23:03:31.7865111Z ##[group]Setting up auth
2026-10-09T23:03:31.7869494Z [command]/usr/bin/git config --local --name-only --get-regexp core\.sshCommand
2026-10-09T23:03:31.7896643Z [command]/usr/bin/git submodule foreach --recursive sh -c "git config --local --name-only --get-regexp 'core\.sshCommand' && git config --local --unset-all 'core.sshCommand' || :"
2026-10-09T23:03:31.8178801Z [command]/usr/bin/git config --local --name-only --get-regexp http\.https\:\/\/github\.com\/\.extraheader
2026-10-09T23:03:31.8205364Z [command]/usr/bin/git submodule foreach --recursive sh -c "git config --local --name-only --get-regexp 'http\.https\:\/\/github\.com\/\.extraheader' && git config --local --unset-all 'http.https://github.com/.extraheader' || :"
2026-10-09T23:03:31.8371970Z [command]/usr/bin/git config --local --name-only --get-regexp ^includeIf\.gitdir:
2026-10-09T23:03:31.8398784Z [command]/usr/bin/git submodule foreach --recursive git config --local --show-origin --name-only --get-regexp remote.origin.url
2026-10-09T23:03:31.8564842Z [command]/usr/bin/git config --local http.https://github.com/.extraheader AUTHORIZATION: basic ***
2026-10-09T23:03:31.8596670Z ##[endgroup]
2026-10-09T23:03:31.8602674Z ##[group]Fetching the repository
2026-10-09T23:03:31.8603393Z [command]/usr/bin/git -c protocol.version=2 fetch --prune --no-recurse-submodules origin +refs/heads/*:refs/remotes/origin/* +refs/tags/*:refs/tags/*
2026-10-09T23:03:36.4564177Z From https://github.com/ghinz32-cloud/movefield
2026-10-09T23:03:36.4565466Z  * [new branch]      audit/2026-10-08-quality -> origin/audit/2026-10-08-quality
2026-10-09T23:03:36.4566710Z  * [new branch]      audit/2026-10-09-cmake-evidence -> origin/audit/2026-10-09-cmake-evidence
2026-10-09T23:03:36.4567780Z  * [new branch]      gh-pages     -> origin/gh-pages
2026-10-09T23:03:36.4568809Z  * [new branch]      main         -> origin/main
2026-10-09T23:03:36.4569745Z  * [new branch]      restructure  -> origin/restructure
2026-10-09T23:03:36.4570626Z  * [new branch]      review-fixes -> origin/review-fixes
2026-10-09T23:03:36.4573907Z [command]/usr/bin/git rev-parse --verify --quiet c60ee243baaf88eb9aa7dbd4c1dea16a01af1d58^{object}
2026-10-09T23:03:36.4598186Z c60ee243baaf88eb9aa7dbd4c1dea16a01af1d58
2026-10-09T23:03:36.4601988Z ##[endgroup]
2026-10-09T23:03:36.4603169Z ##[group]Determining the checkout info
2026-10-09T23:03:36.4604523Z ##[endgroup]
2026-10-09T23:03:36.4605377Z [command]/usr/bin/git sparse-checkout disable
2026-10-09T23:03:36.4651317Z [command]/usr/bin/git config --local --unset-all extensions.worktreeConfig
2026-10-09T23:03:36.4675476Z ##[group]Checking out the ref
2026-10-09T23:03:36.4677180Z [command]/usr/bin/git checkout --progress --force c60ee243baaf88eb9aa7dbd4c1dea16a01af1d58
2026-10-09T23:03:36.5698440Z Note: switching to 'c60ee243baaf88eb9aa7dbd4c1dea16a01af1d58'.
2026-10-09T23:03:36.5699434Z 
2026-10-09T23:03:36.5700108Z You are in 'detached HEAD' state. You can look around, make experimental
2026-10-09T23:03:36.5701743Z changes and commit them, and you can discard any commits you make in this
2026-10-09T23:03:36.5702998Z state without impacting any branches by switching back to a branch.
2026-10-09T23:03:36.5703754Z 
2026-10-09T23:03:36.5704301Z If you want to create a new branch to retain commits you create, you may
2026-10-09T23:03:36.5705534Z do so (now or later) by using -c with the switch command. Example:
2026-10-09T23:03:36.5706291Z 
2026-10-09T23:03:36.5706599Z   git switch -c <new-branch-name>
2026-10-09T23:03:36.5707102Z 
2026-10-09T23:03:36.5707443Z Or undo this operation with:
2026-10-09T23:03:36.5707901Z 
2026-10-09T23:03:36.5708456Z   git switch -
2026-10-09T23:03:36.5708829Z 
2026-10-09T23:03:36.5709416Z Turn off this advice by setting config variable advice.detachedHead to false
2026-10-09T23:03:36.5710302Z 
2026-10-09T23:03:36.5711026Z HEAD is now at c60ee24 Verify current-build local coaching worker policy on both web hosts
2026-10-09T23:03:36.5723868Z ##[endgroup]
2026-10-09T23:03:36.5765551Z [command]/usr/bin/git log -1 --format=%H
2026-10-09T23:03:36.5787358Z c60ee243baaf88eb9aa7dbd4c1dea16a01af1d58
2026-10-09T23:03:36.5794511Z ##[group]Removing auth
2026-10-09T23:03:36.5796745Z [command]/usr/bin/git config --local --name-only --get-regexp core\.sshCommand
2026-10-09T23:03:36.5823484Z [command]/usr/bin/git submodule foreach --recursive sh -c "git config --local --name-only --get-regexp 'core\.sshCommand' && git config --local --unset-all 'core.sshCommand' || :"
2026-10-09T23:03:36.5988764Z [command]/usr/bin/git config --local --name-only --get-regexp http\.https\:\/\/github\.com\/\.extraheader
2026-10-09T23:03:36.6011135Z http.https://github.com/.extraheader
2026-10-09T23:03:36.6017032Z [command]/usr/bin/git config --local --unset-all http.https://github.com/.extraheader
2026-10-09T23:03:36.6047024Z [command]/usr/bin/git submodule foreach --recursive sh -c "git config --local --name-only --get-regexp 'http\.https\:\/\/github\.com\/\.extraheader' && git config --local --unset-all 'http.https://github.com/.extraheader' || :"
2026-10-09T23:03:36.6211584Z [command]/usr/bin/git config --local --name-only --get-regexp ^includeIf\.gitdir:
2026-10-09T23:03:36.6238778Z [command]/usr/bin/git submodule foreach --recursive git config --local --show-origin --name-only --get-regexp remote.origin.url
2026-10-09T23:03:36.6407550Z ##[endgroup]
2026-10-09T23:03:36.6591548Z ##[group]Run mkdir -p native-evidence/gate
2026-10-09T23:03:36.6592430Z [36;1mmkdir -p native-evidence/gate[0m
2026-10-09T23:03:36.6593546Z [36;1mpython3 scripts/native-change-gate.py > native-evidence/gate/decision.json[0m
2026-10-09T23:03:36.6812065Z shell: /usr/bin/bash -e {0}
2026-10-09T23:03:36.6812729Z env:
2026-10-09T23:03:36.6813193Z   CI: 1
2026-10-09T23:03:36.6813661Z   EXPO_NO_TELEMETRY: 1
2026-10-09T23:03:36.6814390Z   NATIVE_SOURCE_SHA: c60ee243baaf88eb9aa7dbd4c1dea16a01af1d58
2026-10-09T23:03:36.6815230Z ##[endgroup]
2026-10-09T23:03:36.7351151Z ##[group]Run actions/upload-artifact@ea165f8d65b6e75b540449e92b4886f43607fa02
2026-10-09T23:03:36.7352132Z with:
2026-10-09T23:03:36.7352622Z   name: native-input-decision
2026-10-09T23:03:36.7353235Z   path: native-evidence/gate
2026-10-09T23:03:36.7353850Z   if-no-files-found: warn
2026-10-09T23:03:36.7354428Z   compression-level: 6
2026-10-09T23:03:36.7354982Z   overwrite: false
2026-10-09T23:03:36.7355506Z   include-hidden-files: false
2026-10-09T23:03:36.7356092Z env:
2026-10-09T23:03:36.7356521Z   CI: 1
2026-10-09T23:03:36.7356976Z   EXPO_NO_TELEMETRY: 1
2026-10-09T23:03:36.7357498Z ##[endgroup]
2026-10-09T23:03:36.8389487Z (node:2174) [DEP0040] DeprecationWarning: The `punycode` module is deprecated. Please use a userland alternative instead.
2026-10-09T23:03:36.8392104Z (Use `node --trace-deprecation ...` to show where the warning was created)
2026-10-09T23:03:36.8421881Z With the provided path, there will be 1 file uploaded
2026-10-09T23:03:36.8423900Z Artifact name is valid!
2026-10-09T23:03:36.8425194Z Root directory input is valid!
2026-10-09T23:03:37.1814620Z Beginning upload of artifact content to blob storage
2026-10-09T23:03:37.1925320Z (node:2174) [DEP0169] DeprecationWarning: `url.parse()` behavior is not standardized and prone to errors that have security implications. Use the WHATWG URL API instead. CVEs are not issued for `url.parse()` vulnerabilities.
2026-10-09T23:03:37.4175644Z Uploaded bytes 383
2026-10-09T23:03:37.4793067Z Finished uploading artifact content to blob storage!
2026-10-09T23:03:37.4793905Z SHA256 digest of uploaded artifact zip is f57160c4776dfc061c93409d2e4a36455f2fdca94584f56bdcacba601b1abcaa
2026-10-09T23:03:37.4794439Z Finalizing artifact upload
2026-10-09T23:03:37.7297894Z Artifact native-input-decision.zip successfully finalized. Artifact ID 11649978145
2026-10-09T23:03:37.7298708Z Artifact native-input-decision has been successfully uploaded! Final size is 383 bytes. Artifact ID is 11649978145
2026-10-09T23:03:37.7302750Z Artifact download URL: https://github.com/ghinz32-cloud/movefield/actions/runs/38002481357/artifacts/11649978145
2026-10-09T23:03:37.7460430Z Post job cleanup.
2026-10-09T23:03:37.7995631Z [command]/usr/bin/git version
2026-10-09T23:03:37.8027354Z git version 2.55.0
2026-10-09T23:03:37.8050737Z Temporarily overriding HOME='/home/runner/work/_temp/a2bff343-a061-4e10-a786-28c8ef5a3ded' before making global git config changes
2026-10-09T23:03:37.8051547Z Adding repository directory to the temporary git global config as a safe directory
2026-10-09T23:03:37.8053830Z [command]/usr/bin/git config --global --add safe.directory /home/runner/work/movefield/movefield
2026-10-09T23:03:37.8085179Z [command]/usr/bin/git config --local --name-only --get-regexp core\.sshCommand
2026-10-09T23:03:37.8111952Z [command]/usr/bin/git submodule foreach --recursive sh -c "git config --local --name-only --get-regexp 'core\.sshCommand' && git config --local --unset-all 'core.sshCommand' || :"
2026-10-09T23:03:37.8302001Z [command]/usr/bin/git config --local --name-only --get-regexp http\.https\:\/\/github\.com\/\.extraheader
2026-10-09T23:03:37.8344441Z [command]/usr/bin/git submodule foreach --recursive sh -c "git config --local --name-only --get-regexp 'http\.https\:\/\/github\.com\/\.extraheader' && git config --local --unset-all 'http.https://github.com/.extraheader' || :"
2026-10-09T23:03:37.8516784Z [command]/usr/bin/git config --local --name-only --get-regexp ^includeIf\.gitdir:
2026-10-09T23:03:37.8546215Z [command]/usr/bin/git submodule foreach --recursive git config --local --show-origin --name-only --get-regexp remote.origin.url
2026-10-09T23:03:37.8830939Z Evaluate and set job outputs
2026-10-09T23:03:37.8836652Z Set output 'compile'
2026-10-09T23:03:37.8837906Z Cleaning up orphan processes
2026-10-09T23:03:37.9031273Z ##[warning]Node.js 20 is deprecated. The following actions target Node.js 20 but are being forced to run on Node.js 24: actions/upload-artifact@ea165f8d65b6e75b540449e92b4886f43607fa02. For more information see: https://github.blog/changelog/2025-09-19-deprecation-of-node-20-on-github-actions-runners/
