2026-10-09T22:32:38.4110504Z Current runner version: '2.337.0'
2026-10-09T22:32:38.4126879Z ##[group]Runner Image Provisioner
2026-10-09T22:32:38.4127455Z Hosted Compute Agent
2026-10-09T22:32:38.4127819Z Version: 20261002.596
2026-10-09T22:32:38.4128274Z Commit: c3d12f3313a95f25162a1503be624f3b0617f8c0
2026-10-09T22:32:38.4128719Z Build Date: 2026-10-02T22:28:27Z
2026-10-09T22:32:38.4129164Z Worker ID: {40a5cfcd-5edb-4fc7-9a74-26093c485bbc}
2026-10-09T22:32:38.4129779Z Region: southcentralus
2026-10-09T22:32:38.4130136Z Cloud: Azure
2026-10-09T22:32:38.4130508Z ##[endgroup]
2026-10-09T22:32:38.4131343Z ##[group]Operating System
2026-10-09T22:32:38.4131698Z Ubuntu
2026-10-09T22:32:38.4132145Z 24.04.5
2026-10-09T22:32:38.4132466Z LTS
2026-10-09T22:32:38.4132848Z ##[endgroup]
2026-10-09T22:32:38.4133186Z ##[group]Runner Image
2026-10-09T22:32:38.4133545Z Image: ubuntu-24.04
2026-10-09T22:32:38.4133976Z Version: 20261004.327.1
2026-10-09T22:32:38.4134722Z Included Software: https://github.com/actions/runner-images/blob/ubuntu24/20261004.327/images/ubuntu/Ubuntu2404-Readme.md
2026-10-09T22:32:38.4135664Z Image Release: https://github.com/actions/runner-images/releases/tag/ubuntu24%2F20261004.327
2026-10-09T22:32:38.4136226Z ##[endgroup]
2026-10-09T22:32:38.4136953Z ##[group]GITHUB_TOKEN Permissions
2026-10-09T22:32:38.4138188Z Contents: read
2026-10-09T22:32:38.4138605Z Metadata: read
2026-10-09T22:32:38.4138947Z ##[endgroup]
2026-10-09T22:32:38.4140465Z Secret source: Actions
2026-10-09T22:32:38.4141042Z Cache mode: write
2026-10-09T22:32:38.4141653Z Prepare workflow directory
2026-10-09T22:32:38.4381076Z Prepare all required actions
2026-10-09T22:32:38.4411674Z Getting action download info
2026-10-09T22:32:38.6960063Z Download action repository 'actions/checkout@fbc6f3992d24b796d5a048ff273f7fcc4a7b6c09' (SHA:fbc6f3992d24b796d5a048ff273f7fcc4a7b6c09)
2026-10-09T22:32:39.0682695Z Download action repository 'actions/upload-artifact@ea165f8d65b6e75b540449e92b4886f43607fa02' (SHA:ea165f8d65b6e75b540449e92b4886f43607fa02)
2026-10-09T22:32:39.3110065Z Complete job name: native_changes
2026-10-09T22:32:39.3589709Z ##[group]Run actions/checkout@fbc6f3992d24b796d5a048ff273f7fcc4a7b6c09
2026-10-09T22:32:39.3590307Z with:
2026-10-09T22:32:39.3590590Z   persist-credentials: false
2026-10-09T22:32:39.3590940Z   ref: 96496ffd4e94b32becccb5db61667fb4fea4ce01
2026-10-09T22:32:39.3591308Z   fetch-depth: 0
2026-10-09T22:32:39.3591603Z   repository: ghinz32-cloud/movefield
2026-10-09T22:32:39.3593933Z   token: ***
2026-10-09T22:32:39.3594203Z   ssh-strict: true
2026-10-09T22:32:39.3594478Z   ssh-user: git
2026-10-09T22:32:39.3594753Z   clean: true
2026-10-09T22:32:39.3595040Z   sparse-checkout-cone-mode: true
2026-10-09T22:32:39.3595373Z   fetch-tags: false
2026-10-09T22:32:39.3595660Z   show-progress: true
2026-10-09T22:32:39.3595949Z   lfs: false
2026-10-09T22:32:39.3596222Z   submodules: false
2026-10-09T22:32:39.3596515Z   set-safe-directory: true
2026-10-09T22:32:39.3596836Z   allow-unsafe-pr-checkout: false
2026-10-09T22:32:39.3597230Z env:
2026-10-09T22:32:39.3597514Z   CI: 1
2026-10-09T22:32:39.3597813Z   EXPO_NO_TELEMETRY: 1
2026-10-09T22:32:39.3598109Z ##[endgroup]
2026-10-09T22:32:39.4256855Z Syncing repository: ghinz32-cloud/movefield
2026-10-09T22:32:39.4258083Z ##[group]Getting Git version info
2026-10-09T22:32:39.4258606Z Working directory is '/home/runner/work/movefield/movefield'
2026-10-09T22:32:39.4259416Z [command]/usr/bin/git version
2026-10-09T22:32:39.5328151Z git version 2.55.0
2026-10-09T22:32:39.5341927Z ##[endgroup]
2026-10-09T22:32:39.5354052Z Temporarily overriding HOME='/home/runner/work/_temp/32b2bb3f-4475-4635-a7de-ab42b66d012d' before making global git config changes
2026-10-09T22:32:39.5355893Z Adding repository directory to the temporary git global config as a safe directory
2026-10-09T22:32:39.5358050Z [command]/usr/bin/git config --global --add safe.directory /home/runner/work/movefield/movefield
2026-10-09T22:32:39.5592079Z Deleting the contents of '/home/runner/work/movefield/movefield'
2026-10-09T22:32:39.5594727Z ##[group]Initializing the repository
2026-10-09T22:32:39.5597134Z [command]/usr/bin/git init /home/runner/work/movefield/movefield
2026-10-09T22:32:39.6036372Z hint: Using 'master' as the name for the initial branch. This default branch name
2026-10-09T22:32:39.6037087Z hint: will change to "main" in Git 3.0. To configure the initial branch name
2026-10-09T22:32:39.6037990Z hint: to use in all of your new repositories, which will suppress this warning,
2026-10-09T22:32:39.6038700Z hint: call:
2026-10-09T22:32:39.6039085Z hint:
2026-10-09T22:32:39.6039879Z hint: 	git config --global init.defaultBranch <name>
2026-10-09T22:32:39.6040512Z hint:
2026-10-09T22:32:39.6041010Z hint: Names commonly chosen instead of 'master' are 'main', 'trunk' and
2026-10-09T22:32:39.6041565Z hint: 'development'. The just-created branch can be renamed via this command:
2026-10-09T22:32:39.6042031Z hint:
2026-10-09T22:32:39.6042288Z hint: 	git branch -m <name>
2026-10-09T22:32:39.6042574Z hint:
2026-10-09T22:32:39.6042995Z hint: Disable this message with "git config set advice.defaultBranchName false"
2026-10-09T22:32:39.6043630Z Initialized empty Git repository in /home/runner/work/movefield/movefield/.git/
2026-10-09T22:32:39.6047483Z [command]/usr/bin/git remote add origin https://github.com/ghinz32-cloud/movefield
2026-10-09T22:32:39.6275446Z ##[endgroup]
2026-10-09T22:32:39.6275960Z ##[group]Disabling automatic garbage collection
2026-10-09T22:32:39.6277526Z [command]/usr/bin/git config --local gc.auto 0
2026-10-09T22:32:39.6306400Z ##[endgroup]
2026-10-09T22:32:39.6307140Z ##[group]Setting up auth
2026-10-09T22:32:39.6311555Z [command]/usr/bin/git config --local --name-only --get-regexp core\.sshCommand
2026-10-09T22:32:39.6340618Z [command]/usr/bin/git submodule foreach --recursive sh -c "git config --local --name-only --get-regexp 'core\.sshCommand' && git config --local --unset-all 'core.sshCommand' || :"
2026-10-09T22:32:39.8082216Z [command]/usr/bin/git config --local --name-only --get-regexp http\.https\:\/\/github\.com\/\.extraheader
2026-10-09T22:32:39.8111271Z [command]/usr/bin/git submodule foreach --recursive sh -c "git config --local --name-only --get-regexp 'http\.https\:\/\/github\.com\/\.extraheader' && git config --local --unset-all 'http.https://github.com/.extraheader' || :"
2026-10-09T22:32:39.8284055Z [command]/usr/bin/git config --local --name-only --get-regexp ^includeIf\.gitdir:
2026-10-09T22:32:39.8311669Z [command]/usr/bin/git submodule foreach --recursive git config --local --show-origin --name-only --get-regexp remote.origin.url
2026-10-09T22:32:39.8483947Z [command]/usr/bin/git config --local http.https://github.com/.extraheader AUTHORIZATION: basic ***
2026-10-09T22:32:39.8516994Z ##[endgroup]
2026-10-09T22:32:39.8517768Z ##[group]Fetching the repository
2026-10-09T22:32:39.8524444Z [command]/usr/bin/git -c protocol.version=2 fetch --prune --no-recurse-submodules origin +refs/heads/*:refs/remotes/origin/* +refs/tags/*:refs/tags/*
2026-10-09T22:32:43.1049947Z From https://github.com/ghinz32-cloud/movefield
2026-10-09T22:32:43.1052031Z  * [new branch]      audit/2026-10-08-quality -> origin/audit/2026-10-08-quality
2026-10-09T22:32:43.1053589Z  * [new branch]      audit/2026-10-09-cmake-evidence -> origin/audit/2026-10-09-cmake-evidence
2026-10-09T22:32:43.1055039Z  * [new branch]      gh-pages     -> origin/gh-pages
2026-10-09T22:32:43.1055940Z  * [new branch]      main         -> origin/main
2026-10-09T22:32:43.1056812Z  * [new branch]      restructure  -> origin/restructure
2026-10-09T22:32:43.1057880Z  * [new branch]      review-fixes -> origin/review-fixes
2026-10-09T22:32:43.1061147Z [command]/usr/bin/git rev-parse --verify --quiet 96496ffd4e94b32becccb5db61667fb4fea4ce01^{object}
2026-10-09T22:32:43.1082629Z 96496ffd4e94b32becccb5db61667fb4fea4ce01
2026-10-09T22:32:43.1086609Z ##[endgroup]
2026-10-09T22:32:43.1087783Z ##[group]Determining the checkout info
2026-10-09T22:32:43.1088971Z ##[endgroup]
2026-10-09T22:32:43.1090486Z [command]/usr/bin/git sparse-checkout disable
2026-10-09T22:32:43.1262712Z [command]/usr/bin/git config --local --unset-all extensions.worktreeConfig
2026-10-09T22:32:43.1287863Z ##[group]Checking out the ref
2026-10-09T22:32:43.1289699Z [command]/usr/bin/git checkout --progress --force 96496ffd4e94b32becccb5db61667fb4fea4ce01
2026-10-09T22:32:43.2304936Z Note: switching to '96496ffd4e94b32becccb5db61667fb4fea4ce01'.
2026-10-09T22:32:43.2305803Z 
2026-10-09T22:32:43.2306403Z You are in 'detached HEAD' state. You can look around, make experimental
2026-10-09T22:32:43.2307836Z changes and commit them, and you can discard any commits you make in this
2026-10-09T22:32:43.2309381Z state without impacting any branches by switching back to a branch.
2026-10-09T22:32:43.2310215Z 
2026-10-09T22:32:43.2310841Z If you want to create a new branch to retain commits you create, you may
2026-10-09T22:32:43.2312321Z do so (now or later) by using -c with the switch command. Example:
2026-10-09T22:32:43.2313163Z 
2026-10-09T22:32:43.2313543Z   git switch -c <new-branch-name>
2026-10-09T22:32:43.2314116Z 
2026-10-09T22:32:43.2314684Z Or undo this operation with:
2026-10-09T22:32:43.2315234Z 
2026-10-09T22:32:43.2315621Z   git switch -
2026-10-09T22:32:43.2316061Z 
2026-10-09T22:32:43.2316760Z Turn off this advice by setting config variable advice.detachedHead to false
2026-10-09T22:32:43.2317728Z 
2026-10-09T22:32:43.2318553Z HEAD is now at 96496ff Bind each cloud coaching consent to its current context and request
2026-10-09T22:32:43.2328274Z ##[endgroup]
2026-10-09T22:32:43.2366408Z [command]/usr/bin/git log -1 --format=%H
2026-10-09T22:32:43.2390166Z 96496ffd4e94b32becccb5db61667fb4fea4ce01
2026-10-09T22:32:43.2397675Z ##[group]Removing auth
2026-10-09T22:32:43.2399983Z [command]/usr/bin/git config --local --name-only --get-regexp core\.sshCommand
2026-10-09T22:32:43.2425666Z [command]/usr/bin/git submodule foreach --recursive sh -c "git config --local --name-only --get-regexp 'core\.sshCommand' && git config --local --unset-all 'core.sshCommand' || :"
2026-10-09T22:32:43.2592788Z [command]/usr/bin/git config --local --name-only --get-regexp http\.https\:\/\/github\.com\/\.extraheader
2026-10-09T22:32:43.2614564Z http.https://github.com/.extraheader
2026-10-09T22:32:43.2620054Z [command]/usr/bin/git config --local --unset-all http.https://github.com/.extraheader
2026-10-09T22:32:43.2647709Z [command]/usr/bin/git submodule foreach --recursive sh -c "git config --local --name-only --get-regexp 'http\.https\:\/\/github\.com\/\.extraheader' && git config --local --unset-all 'http.https://github.com/.extraheader' || :"
2026-10-09T22:32:43.2814450Z [command]/usr/bin/git config --local --name-only --get-regexp ^includeIf\.gitdir:
2026-10-09T22:32:43.2841262Z [command]/usr/bin/git submodule foreach --recursive git config --local --show-origin --name-only --get-regexp remote.origin.url
2026-10-09T22:32:43.3006934Z ##[endgroup]
2026-10-09T22:32:43.3196845Z ##[group]Run mkdir -p native-evidence/gate
2026-10-09T22:32:43.3197746Z [36;1mmkdir -p native-evidence/gate[0m
2026-10-09T22:32:43.3198920Z [36;1mpython3 scripts/native-change-gate.py > native-evidence/gate/decision.json[0m
2026-10-09T22:32:43.4211675Z shell: /usr/bin/bash -e {0}
2026-10-09T22:32:43.4212604Z env:
2026-10-09T22:32:43.4213357Z   CI: 1
2026-10-09T22:32:43.4214188Z   EXPO_NO_TELEMETRY: 1
2026-10-09T22:32:43.4215292Z   NATIVE_SOURCE_SHA: 96496ffd4e94b32becccb5db61667fb4fea4ce01
2026-10-09T22:32:43.4216247Z ##[endgroup]
2026-10-09T22:32:43.4749491Z ##[group]Run actions/upload-artifact@ea165f8d65b6e75b540449e92b4886f43607fa02
2026-10-09T22:32:43.4750575Z with:
2026-10-09T22:32:43.4751155Z   name: native-input-decision
2026-10-09T22:32:43.4751854Z   path: native-evidence/gate
2026-10-09T22:32:43.4752522Z   if-no-files-found: warn
2026-10-09T22:32:43.4753161Z   compression-level: 6
2026-10-09T22:32:43.4753757Z   overwrite: false
2026-10-09T22:32:43.4754352Z   include-hidden-files: false
2026-10-09T22:32:43.4755004Z env:
2026-10-09T22:32:43.4755502Z   CI: 1
2026-10-09T22:32:43.4756024Z   EXPO_NO_TELEMETRY: 1
2026-10-09T22:32:43.4756612Z ##[endgroup]
2026-10-09T22:32:43.5780732Z (node:2153) [DEP0040] DeprecationWarning: The `punycode` module is deprecated. Please use a userland alternative instead.
2026-10-09T22:32:43.5783026Z (Use `node --trace-deprecation ...` to show where the warning was created)
2026-10-09T22:32:43.5827319Z With the provided path, there will be 1 file uploaded
2026-10-09T22:32:43.5828988Z Artifact name is valid!
2026-10-09T22:32:43.5829881Z Root directory input is valid!
2026-10-09T22:32:43.8700483Z Beginning upload of artifact content to blob storage
2026-10-09T22:32:43.8809224Z (node:2153) [DEP0169] DeprecationWarning: `url.parse()` behavior is not standardized and prone to errors that have security implications. Use the WHATWG URL API instead. CVEs are not issued for `url.parse()` vulnerabilities.
2026-10-09T22:32:44.0150557Z Uploaded bytes 351
2026-10-09T22:32:44.0530618Z Finished uploading artifact content to blob storage!
2026-10-09T22:32:44.0532930Z SHA256 digest of uploaded artifact zip is 34cb9be041dbb09281486091dd26a33db301d6a59eb95028ef628752c7146153
2026-10-09T22:32:44.0535041Z Finalizing artifact upload
2026-10-09T22:32:44.2799944Z Artifact native-input-decision.zip successfully finalized. Artifact ID 11648613321
2026-10-09T22:32:44.2800635Z Artifact native-input-decision has been successfully uploaded! Final size is 351 bytes. Artifact ID is 11648613321
2026-10-09T22:32:44.2804109Z Artifact download URL: https://github.com/ghinz32-cloud/movefield/actions/runs/37999781136/artifacts/11648613321
2026-10-09T22:32:44.3830001Z Post job cleanup.
2026-10-09T22:32:44.4367969Z [command]/usr/bin/git version
2026-10-09T22:32:44.4399406Z git version 2.55.0
2026-10-09T22:32:44.4423204Z Temporarily overriding HOME='/home/runner/work/_temp/7795fedd-0fe6-421d-80c9-56c0b59602ec' before making global git config changes
2026-10-09T22:32:44.4423914Z Adding repository directory to the temporary git global config as a safe directory
2026-10-09T22:32:44.4426706Z [command]/usr/bin/git config --global --add safe.directory /home/runner/work/movefield/movefield
2026-10-09T22:32:44.5036017Z [command]/usr/bin/git config --local --name-only --get-regexp core\.sshCommand
2026-10-09T22:32:44.5071790Z [command]/usr/bin/git submodule foreach --recursive sh -c "git config --local --name-only --get-regexp 'core\.sshCommand' && git config --local --unset-all 'core.sshCommand' || :"
2026-10-09T22:32:44.5248462Z [command]/usr/bin/git config --local --name-only --get-regexp http\.https\:\/\/github\.com\/\.extraheader
2026-10-09T22:32:44.5275207Z [command]/usr/bin/git submodule foreach --recursive sh -c "git config --local --name-only --get-regexp 'http\.https\:\/\/github\.com\/\.extraheader' && git config --local --unset-all 'http.https://github.com/.extraheader' || :"
2026-10-09T22:32:44.5450953Z [command]/usr/bin/git config --local --name-only --get-regexp ^includeIf\.gitdir:
2026-10-09T22:32:44.5478436Z [command]/usr/bin/git submodule foreach --recursive git config --local --show-origin --name-only --get-regexp remote.origin.url
2026-10-09T22:32:44.5761376Z Evaluate and set job outputs
2026-10-09T22:32:44.5766152Z Set output 'compile'
2026-10-09T22:32:44.5767329Z Cleaning up orphan processes
2026-10-09T22:32:44.5958790Z ##[warning]Node.js 20 is deprecated. The following actions target Node.js 20 but are being forced to run on Node.js 24: actions/upload-artifact@ea165f8d65b6e75b540449e92b4886f43607fa02. For more information see: https://github.blog/changelog/2025-09-19-deprecation-of-node-20-on-github-actions-runners/
