test_alias_resource_refused (__main__.Fixtures.test_alias_resource_refused) ... ok
test_alternate_os_rules_refused (__main__.Fixtures.test_alternate_os_rules_refused) ... ok
test_android_numeric_links_read_rules_and_hashes (__main__.Fixtures.test_android_numeric_links_read_rules_and_hashes) ... ok
test_backup_includes_refused_even_with_all_exclusions (__main__.Fixtures.test_backup_includes_refused_even_with_all_exclusions) ... ok
test_backup_unreviewed_attribute_refused (__main__.Fixtures.test_backup_unreviewed_attribute_refused) ... ok
test_cli_requires_all_decoded_android_inputs (__main__.Fixtures.test_cli_requires_all_decoded_android_inputs) ... ok
test_cli_success_and_poison_failure (__main__.Fixtures.test_cli_success_and_poison_failure) ... ok
test_cloud_section_is_required (__main__.Fixtures.test_cloud_section_is_required) ... ok
test_debuggable_release_refused (__main__.Fixtures.test_debuggable_release_refused) ... ok
test_decimal_and_hex_reference_forms (__main__.Fixtures.test_decimal_and_hex_reference_forms) ... ok
test_domain_forward_secrecy_downgrade_refused (__main__.Fixtures.test_domain_forward_secrecy_downgrade_refused) ... ok
test_domain_insecure_http_aliases_refused (__main__.Fixtures.test_domain_insecure_http_aliases_refused) ... ok
test_domain_tls_downgrade_refused (__main__.Fixtures.test_domain_tls_downgrade_refused) ... ok
test_duplicate_application_refused (__main__.Fixtures.test_duplicate_application_refused) ... ok
test_duplicate_extraction_section_refused (__main__.Fixtures.test_duplicate_extraction_section_refused) ... ok
test_duplicate_or_unknown_domain_refused (__main__.Fixtures.test_duplicate_or_unknown_domain_refused) ... ok
test_expired_required_permission_refused (__main__.Fixtures.test_expired_required_permission_refused) ... ok
test_exported_file_provider_refused (__main__.Fixtures.test_exported_file_provider_refused) ... ok
test_flag_disabled_variant_refused (__main__.Fixtures.test_flag_disabled_variant_refused) ... ok
test_global_arbitrary_transport_flags_refused (__main__.Fixtures.test_global_arbitrary_transport_flags_refused) ... ok
test_ios_cli_success (__main__.Fixtures.test_ios_cli_success) ... ok
test_ios_real_binary_plists_truthful_scope (__main__.Fixtures.test_ios_real_binary_plists_truthful_scope) ... ok
test_malformed_boolean_transport_flag_refused (__main__.Fixtures.test_malformed_boolean_transport_flag_refused) ... ok
test_malformed_domain_config_refused (__main__.Fixtures.test_malformed_domain_config_refused) ... ok
test_malformed_permission_name_refused (__main__.Fixtures.test_malformed_permission_name_refused) ... ok
test_malformed_privacy_shapes_refused (__main__.Fixtures.test_malformed_privacy_shapes_refused) ... ok
test_malformed_reason_rows_refused (__main__.Fixtures.test_malformed_reason_rows_refused) ... ok
test_malformed_resource_row (__main__.Fixtures.test_malformed_resource_row) ... ok
test_malformed_transport_shapes_refused (__main__.Fixtures.test_malformed_transport_shapes_refused) ... ok
test_malformed_xml_is_not_success (__main__.Fixtures.test_malformed_xml_is_not_success) ... ok
test_mismatched_payload_path (__main__.Fixtures.test_mismatched_payload_path) ... ok
test_missing_link_is_refused (__main__.Fixtures.test_missing_link_is_refused) ... ok
test_missing_required_reason_refused (__main__.Fixtures.test_missing_required_reason_refused) ... ok
test_missing_resource_payload (__main__.Fixtures.test_missing_resource_payload) ... ok
test_named_and_package_qualified_links (__main__.Fixtures.test_named_and_package_qualified_links) ... ok
test_narrowed_exclusion_refused (__main__.Fixtures.test_narrowed_exclusion_refused) ... ok
test_nested_include_refused (__main__.Fixtures.test_nested_include_refused) ... ok
test_optimized_path_traversal_refused (__main__.Fixtures.test_optimized_path_traversal_refused) ... ok
test_optimized_resource_paths (__main__.Fixtures.test_optimized_resource_paths) ... ok
test_package_qualified_aapt_rows (__main__.Fixtures.test_package_qualified_aapt_rows) ... ok
test_poisoned_device_transfer_missing_domain (__main__.Fixtures.test_poisoned_device_transfer_missing_domain) ... ok
test_poisoned_legacy_backup_missing_domain (__main__.Fixtures.test_poisoned_legacy_backup_missing_domain) ... ok
test_privacy_root_not_dictionary_refused (__main__.Fixtures.test_privacy_root_not_dictionary_refused) ... ok
test_profile_receiver_without_system_permission_refused (__main__.Fixtures.test_profile_receiver_without_system_permission_refused) ... ok
test_profile_system_tool_receiver_accepted (__main__.Fixtures.test_profile_system_tool_receiver_accepted) ... ok
test_release_bonjour_declaration_refused (__main__.Fixtures.test_release_bonjour_declaration_refused) ... ok
test_remote_auto_init_enabled_refused (__main__.Fixtures.test_remote_auto_init_enabled_refused) ... ok
test_remote_collection_enabled_refused (__main__.Fixtures.test_remote_collection_enabled_refused) ... ok
test_remote_init_declaration_missing_refused (__main__.Fixtures.test_remote_init_declaration_missing_refused) ... ok
test_remote_sdk_components_refused (__main__.Fixtures.test_remote_sdk_components_refused) ... ok
test_resource_identity_collision (__main__.Fixtures.test_resource_identity_collision) ... ok
test_root_tracking_refused (__main__.Fixtures.test_root_tracking_refused) ... ok
test_sdk23_permission_tag_supported_above_minimum_os (__main__.Fixtures.test_sdk23_permission_tag_supported_above_minimum_os) ... ok
test_sdk_tracking_and_collection_refused (__main__.Fixtures.test_sdk_tracking_and_collection_refused) ... ok
test_secure_domain_exception_and_xml_sdk_accepted (__main__.Fixtures.test_secure_domain_exception_and_xml_sdk_accepted) ... ok
test_shared_rule_path_refused (__main__.Fixtures.test_shared_rule_path_refused) ... ok
test_table_wrong_package (__main__.Fixtures.test_table_wrong_package) ... ok
test_unexpected_permission_refused (__main__.Fixtures.test_unexpected_permission_refused) ... ok
test_unknown_permission_tag_cannot_satisfy_required_permission (__main__.Fixtures.test_unknown_permission_tag_cannot_satisfy_required_permission) ... ok
test_unknown_transport_key_refused (__main__.Fixtures.test_unknown_transport_key_refused) ... ok
test_unreviewed_exported_component_refused (__main__.Fixtures.test_unreviewed_exported_component_refused) ... ok
test_unreviewed_network_config_cannot_override_denial (__main__.Fixtures.test_unreviewed_network_config_cannot_override_denial) ... ok
test_wrong_manifest_resource_id (__main__.Fixtures.test_wrong_manifest_resource_id) ... ok
test_wrong_named_link (__main__.Fixtures.test_wrong_named_link) ... ok
test_xml_entity_declaration_refused (__main__.Fixtures.test_xml_entity_declaration_refused) ... ok

----------------------------------------------------------------------
Ran 65 tests in 0.224s

OK
