2026-10-09T20:01:40.7692238Z Current runner version: '2.337.0'
2026-10-09T20:01:40.7718108Z ##[group]Runner Image Provisioner
2026-10-09T20:01:40.7719012Z Hosted Compute Agent
2026-10-09T20:01:40.7719710Z Version: 20261002.596
2026-10-09T20:01:40.7720398Z Commit: c3d12f3313a95f25162a1503be624f3b0617f8c0
2026-10-09T20:01:40.7721131Z Build Date: 2026-10-02T22:28:27Z
2026-10-09T20:01:40.7721894Z Worker ID: {169a8665-9a58-4fbb-8eaf-7db4ce28070c}
2026-10-09T20:01:40.7722657Z Region: westus
2026-10-09T20:01:40.7723645Z Cloud: Azure
2026-10-09T20:01:40.7724295Z ##[endgroup]
2026-10-09T20:01:40.7725749Z ##[group]Operating System
2026-10-09T20:01:40.7726460Z Ubuntu
2026-10-09T20:01:40.7727046Z 24.04.5
2026-10-09T20:01:40.7727639Z LTS
2026-10-09T20:01:40.7728292Z ##[endgroup]
2026-10-09T20:01:40.7728860Z ##[group]Runner Image
2026-10-09T20:01:40.7729510Z Image: ubuntu-24.04
2026-10-09T20:01:40.7730101Z Version: 20261004.327.1
2026-10-09T20:01:40.7731461Z Included Software: https://github.com/actions/runner-images/blob/ubuntu24/20261004.327/images/ubuntu/Ubuntu2404-Readme.md
2026-10-09T20:01:40.7733308Z Image Release: https://github.com/actions/runner-images/releases/tag/ubuntu24%2F20261004.327
2026-10-09T20:01:40.7734369Z ##[endgroup]
2026-10-09T20:01:40.7735548Z ##[group]GITHUB_TOKEN Permissions
2026-10-09T20:01:40.7737508Z Contents: read
2026-10-09T20:01:40.7738163Z Metadata: read
2026-10-09T20:01:40.7738803Z ##[endgroup]
2026-10-09T20:01:40.7740987Z Secret source: Actions
2026-10-09T20:01:40.7742012Z Cache mode: write
2026-10-09T20:01:40.7743125Z Prepare workflow directory
2026-10-09T20:01:40.8154917Z Prepare all required actions
2026-10-09T20:01:40.8211308Z Getting action download info
2026-10-09T20:01:41.1729889Z Download action repository 'actions/checkout@fbc6f3992d24b796d5a048ff273f7fcc4a7b6c09' (SHA:fbc6f3992d24b796d5a048ff273f7fcc4a7b6c09)
2026-10-09T20:01:41.2722444Z Download action repository 'actions/upload-artifact@ea165f8d65b6e75b540449e92b4886f43607fa02' (SHA:ea165f8d65b6e75b540449e92b4886f43607fa02)
2026-10-09T20:01:41.4879867Z Complete job name: native_changes
2026-10-09T20:01:41.5656843Z ##[group]Run actions/checkout@fbc6f3992d24b796d5a048ff273f7fcc4a7b6c09
2026-10-09T20:01:41.5658005Z with:
2026-10-09T20:01:41.5658479Z   persist-credentials: false
2026-10-09T20:01:41.5659069Z   ref: e85a1ad320ec23db29b337fdee10f41f1dc24962
2026-10-09T20:01:41.5659676Z   fetch-depth: 0
2026-10-09T20:01:41.5660162Z   repository: ghinz32-cloud/movefield
2026-10-09T20:01:41.5664085Z   token: ***
2026-10-09T20:01:41.5664549Z   ssh-strict: true
2026-10-09T20:01:41.5665018Z   ssh-user: git
2026-10-09T20:01:41.5665493Z   clean: true
2026-10-09T20:01:41.5665971Z   sparse-checkout-cone-mode: true
2026-10-09T20:01:41.5666534Z   fetch-tags: false
2026-10-09T20:01:41.5667041Z   show-progress: true
2026-10-09T20:01:41.5667517Z   lfs: false
2026-10-09T20:01:41.5667949Z   submodules: false
2026-10-09T20:01:41.5668424Z   set-safe-directory: true
2026-10-09T20:01:41.5668958Z   allow-unsafe-pr-checkout: false
2026-10-09T20:01:41.5669743Z env:
2026-10-09T20:01:41.5670193Z   CI: 1
2026-10-09T20:01:41.5670687Z   EXPO_NO_TELEMETRY: 1
2026-10-09T20:01:41.5671174Z ##[endgroup]
2026-10-09T20:01:41.6700971Z Syncing repository: ghinz32-cloud/movefield
2026-10-09T20:01:41.6703685Z ##[group]Getting Git version info
2026-10-09T20:01:41.6704653Z Working directory is '/home/runner/work/movefield/movefield'
2026-10-09T20:01:41.6705717Z [command]/usr/bin/git version
2026-10-09T20:01:41.6845131Z git version 2.55.0
2026-10-09T20:01:41.6867925Z ##[endgroup]
2026-10-09T20:01:41.6877013Z Temporarily overriding HOME='/home/runner/work/_temp/bcbe1685-41d0-4109-b04a-8ca9d400044a' before making global git config changes
2026-10-09T20:01:41.6879537Z Adding repository directory to the temporary git global config as a safe directory
2026-10-09T20:01:41.6881806Z [command]/usr/bin/git config --global --add safe.directory /home/runner/work/movefield/movefield
2026-10-09T20:01:41.6941949Z Deleting the contents of '/home/runner/work/movefield/movefield'
2026-10-09T20:01:41.6945850Z ##[group]Initializing the repository
2026-10-09T20:01:41.6951372Z [command]/usr/bin/git init /home/runner/work/movefield/movefield
2026-10-09T20:01:41.7079554Z hint: Using 'master' as the name for the initial branch. This default branch name
2026-10-09T20:01:41.7081532Z hint: will change to "main" in Git 3.0. To configure the initial branch name
2026-10-09T20:01:41.7083461Z hint: to use in all of your new repositories, which will suppress this warning,
2026-10-09T20:01:41.7084918Z hint: call:
2026-10-09T20:01:41.7085988Z hint:
2026-10-09T20:01:41.7087119Z hint: 	git config --global init.defaultBranch <name>
2026-10-09T20:01:41.7088439Z hint:
2026-10-09T20:01:41.7089710Z hint: Names commonly chosen instead of 'master' are 'main', 'trunk' and
2026-10-09T20:01:41.7091689Z hint: 'development'. The just-created branch can be renamed via this command:
2026-10-09T20:01:41.7093269Z hint:
2026-10-09T20:01:41.7094020Z hint: 	git branch -m <name>
2026-10-09T20:01:41.7094822Z hint:
2026-10-09T20:01:41.7095937Z hint: Disable this message with "git config set advice.defaultBranchName false"
2026-10-09T20:01:41.7097741Z Initialized empty Git repository in /home/runner/work/movefield/movefield/.git/
2026-10-09T20:01:41.7100950Z [command]/usr/bin/git remote add origin https://github.com/ghinz32-cloud/movefield
2026-10-09T20:01:41.7157264Z ##[endgroup]
2026-10-09T20:01:41.7158650Z ##[group]Disabling automatic garbage collection
2026-10-09T20:01:41.7162515Z [command]/usr/bin/git config --local gc.auto 0
2026-10-09T20:01:41.7204676Z ##[endgroup]
2026-10-09T20:01:41.7205986Z ##[group]Setting up auth
2026-10-09T20:01:41.7211308Z [command]/usr/bin/git config --local --name-only --get-regexp core\.sshCommand
2026-10-09T20:01:41.7256150Z [command]/usr/bin/git submodule foreach --recursive sh -c "git config --local --name-only --get-regexp 'core\.sshCommand' && git config --local --unset-all 'core.sshCommand' || :"
2026-10-09T20:01:41.7669762Z [command]/usr/bin/git config --local --name-only --get-regexp http\.https\:\/\/github\.com\/\.extraheader
2026-10-09T20:01:41.7706482Z [command]/usr/bin/git submodule foreach --recursive sh -c "git config --local --name-only --get-regexp 'http\.https\:\/\/github\.com\/\.extraheader' && git config --local --unset-all 'http.https://github.com/.extraheader' || :"
2026-10-09T20:01:41.7931251Z [command]/usr/bin/git config --local --name-only --get-regexp ^includeIf\.gitdir:
2026-10-09T20:01:41.7968097Z [command]/usr/bin/git submodule foreach --recursive git config --local --show-origin --name-only --get-regexp remote.origin.url
2026-10-09T20:01:41.8198724Z [command]/usr/bin/git config --local http.https://github.com/.extraheader AUTHORIZATION: basic ***
2026-10-09T20:01:41.8241713Z ##[endgroup]
2026-10-09T20:01:41.8243432Z ##[group]Fetching the repository
2026-10-09T20:01:41.8253712Z [command]/usr/bin/git -c protocol.version=2 fetch --prune --no-recurse-submodules origin +refs/heads/*:refs/remotes/origin/* +refs/tags/*:refs/tags/*
2026-10-09T20:01:44.2369697Z From https://github.com/ghinz32-cloud/movefield
2026-10-09T20:01:44.2372287Z  * [new branch]      audit/2026-10-08-quality -> origin/audit/2026-10-08-quality
2026-10-09T20:01:44.2375341Z  * [new branch]      audit/2026-10-09-cmake-evidence -> origin/audit/2026-10-09-cmake-evidence
2026-10-09T20:01:44.2377755Z  * [new branch]      gh-pages     -> origin/gh-pages
2026-10-09T20:01:44.2379538Z  * [new branch]      main         -> origin/main
2026-10-09T20:01:44.2381256Z  * [new branch]      restructure  -> origin/restructure
2026-10-09T20:01:44.2383350Z  * [new branch]      review-fixes -> origin/review-fixes
2026-10-09T20:01:44.2400646Z [command]/usr/bin/git rev-parse --verify --quiet e85a1ad320ec23db29b337fdee10f41f1dc24962^{object}
2026-10-09T20:01:44.2433406Z e85a1ad320ec23db29b337fdee10f41f1dc24962
2026-10-09T20:01:44.2441428Z ##[endgroup]
2026-10-09T20:01:44.2444307Z ##[group]Determining the checkout info
2026-10-09T20:01:44.2447232Z ##[endgroup]
2026-10-09T20:01:44.2449008Z [command]/usr/bin/git sparse-checkout disable
2026-10-09T20:01:44.2511009Z [command]/usr/bin/git config --local --unset-all extensions.worktreeConfig
2026-10-09T20:01:44.2546851Z ##[group]Checking out the ref
2026-10-09T20:01:44.2549717Z [command]/usr/bin/git checkout --progress --force e85a1ad320ec23db29b337fdee10f41f1dc24962
2026-10-09T20:01:44.3817383Z Note: switching to 'e85a1ad320ec23db29b337fdee10f41f1dc24962'.
2026-10-09T20:01:44.3820080Z 
2026-10-09T20:01:44.3821480Z You are in 'detached HEAD' state. You can look around, make experimental
2026-10-09T20:01:44.3824129Z changes and commit them, and you can discard any commits you make in this
2026-10-09T20:01:44.3826516Z state without impacting any branches by switching back to a branch.
2026-10-09T20:01:44.3827916Z 
2026-10-09T20:01:44.3828870Z If you want to create a new branch to retain commits you create, you may
2026-10-09T20:01:44.3831876Z do so (now or later) by using -c with the switch command. Example:
2026-10-09T20:01:44.3833436Z 
2026-10-09T20:01:44.3834029Z   git switch -c <new-branch-name>
2026-10-09T20:01:44.3834973Z 
2026-10-09T20:01:44.3835606Z Or undo this operation with:
2026-10-09T20:01:44.3836748Z 
2026-10-09T20:01:44.3837338Z   git switch -
2026-10-09T20:01:44.3838030Z 
2026-10-09T20:01:44.3839105Z Turn off this advice by setting config variable advice.detachedHead to false
2026-10-09T20:01:44.3840696Z 
2026-10-09T20:01:44.3841983Z HEAD is now at e85a1ad Bind SQLite build evidence to the actual CMake compilation directory
2026-10-09T20:01:44.3847267Z ##[endgroup]
2026-10-09T20:01:44.3880701Z [command]/usr/bin/git log -1 --format=%H
2026-10-09T20:01:44.3910165Z e85a1ad320ec23db29b337fdee10f41f1dc24962
2026-10-09T20:01:44.3920299Z ##[group]Removing auth
2026-10-09T20:01:44.3923924Z [command]/usr/bin/git config --local --name-only --get-regexp core\.sshCommand
2026-10-09T20:01:44.3963206Z [command]/usr/bin/git submodule foreach --recursive sh -c "git config --local --name-only --get-regexp 'core\.sshCommand' && git config --local --unset-all 'core.sshCommand' || :"
2026-10-09T20:01:44.4183773Z [command]/usr/bin/git config --local --name-only --get-regexp http\.https\:\/\/github\.com\/\.extraheader
2026-10-09T20:01:44.4213261Z http.https://github.com/.extraheader
2026-10-09T20:01:44.4220598Z [command]/usr/bin/git config --local --unset-all http.https://github.com/.extraheader
2026-10-09T20:01:44.4257850Z [command]/usr/bin/git submodule foreach --recursive sh -c "git config --local --name-only --get-regexp 'http\.https\:\/\/github\.com\/\.extraheader' && git config --local --unset-all 'http.https://github.com/.extraheader' || :"
2026-10-09T20:01:44.4490560Z [command]/usr/bin/git config --local --name-only --get-regexp ^includeIf\.gitdir:
2026-10-09T20:01:44.4535382Z [command]/usr/bin/git submodule foreach --recursive git config --local --show-origin --name-only --get-regexp remote.origin.url
2026-10-09T20:01:44.4769487Z ##[endgroup]
2026-10-09T20:01:44.4977076Z ##[group]Run mkdir -p native-evidence/gate
2026-10-09T20:01:44.4977566Z [36;1mmkdir -p native-evidence/gate[0m
2026-10-09T20:01:44.4978084Z [36;1mpython3 scripts/native-change-gate.py > native-evidence/gate/decision.json[0m
2026-10-09T20:01:44.5268262Z shell: /usr/bin/bash -e {0}
2026-10-09T20:01:44.5268718Z env:
2026-10-09T20:01:44.5269039Z   CI: 1
2026-10-09T20:01:44.5269369Z   EXPO_NO_TELEMETRY: 1
2026-10-09T20:01:44.5269872Z   NATIVE_SOURCE_SHA: e85a1ad320ec23db29b337fdee10f41f1dc24962
2026-10-09T20:01:44.5270427Z ##[endgroup]
2026-10-09T20:01:44.5876867Z ##[group]Run actions/upload-artifact@ea165f8d65b6e75b540449e92b4886f43607fa02
2026-10-09T20:01:44.5877401Z with:
2026-10-09T20:01:44.5877675Z   name: native-input-decision
2026-10-09T20:01:44.5877997Z   path: native-evidence/gate
2026-10-09T20:01:44.5878305Z   if-no-files-found: warn
2026-10-09T20:01:44.5878594Z   compression-level: 6
2026-10-09T20:01:44.5878865Z   overwrite: false
2026-10-09T20:01:44.5879150Z   include-hidden-files: false
2026-10-09T20:01:44.5879441Z env:
2026-10-09T20:01:44.5879663Z   CI: 1
2026-10-09T20:01:44.5879894Z   EXPO_NO_TELEMETRY: 1
2026-10-09T20:01:44.5880169Z ##[endgroup]
2026-10-09T20:01:44.7517064Z (node:2354) [DEP0040] DeprecationWarning: The `punycode` module is deprecated. Please use a userland alternative instead.
2026-10-09T20:01:44.7518653Z (Use `node --trace-deprecation ...` to show where the warning was created)
2026-10-09T20:01:44.7594657Z With the provided path, there will be 1 file uploaded
2026-10-09T20:01:44.7595874Z Artifact name is valid!
2026-10-09T20:01:44.7596399Z Root directory input is valid!
2026-10-09T20:01:45.1333049Z Beginning upload of artifact content to blob storage
2026-10-09T20:01:45.1529116Z (node:2354) [DEP0169] DeprecationWarning: `url.parse()` behavior is not standardized and prone to errors that have security implications. Use the WHATWG URL API instead. CVEs are not issued for `url.parse()` vulnerabilities.
2026-10-09T20:01:45.4104013Z Uploaded bytes 201
2026-10-09T20:01:45.4817361Z Finished uploading artifact content to blob storage!
2026-10-09T20:01:45.4819057Z SHA256 digest of uploaded artifact zip is 1f24600de239cc7ef89b533032e0a1f40d8a2bf973b7a70a63d844a836be9dd1
2026-10-09T20:01:45.4820901Z Finalizing artifact upload
2026-10-09T20:01:45.7504284Z Artifact native-input-decision.zip successfully finalized. Artifact ID 11641363510
2026-10-09T20:01:45.7514578Z Artifact native-input-decision has been successfully uploaded! Final size is 201 bytes. Artifact ID is 11641363510
2026-10-09T20:01:45.7516342Z Artifact download URL: https://github.com/ghinz32-cloud/movefield/actions/runs/37984196327/artifacts/11641363510
2026-10-09T20:01:45.7735151Z Post job cleanup.
2026-10-09T20:01:45.8564710Z [command]/usr/bin/git version
2026-10-09T20:01:45.8606347Z git version 2.55.0
2026-10-09T20:01:45.8646636Z Temporarily overriding HOME='/home/runner/work/_temp/38df4760-6304-4ae5-a4b5-cc2a3c043b81' before making global git config changes
2026-10-09T20:01:45.8648425Z Adding repository directory to the temporary git global config as a safe directory
2026-10-09T20:01:45.8653024Z [command]/usr/bin/git config --global --add safe.directory /home/runner/work/movefield/movefield
2026-10-09T20:01:45.8692157Z [command]/usr/bin/git config --local --name-only --get-regexp core\.sshCommand
2026-10-09T20:01:45.8727929Z [command]/usr/bin/git submodule foreach --recursive sh -c "git config --local --name-only --get-regexp 'core\.sshCommand' && git config --local --unset-all 'core.sshCommand' || :"
2026-10-09T20:01:45.8987611Z [command]/usr/bin/git config --local --name-only --get-regexp http\.https\:\/\/github\.com\/\.extraheader
2026-10-09T20:01:45.9028542Z [command]/usr/bin/git submodule foreach --recursive sh -c "git config --local --name-only --get-regexp 'http\.https\:\/\/github\.com\/\.extraheader' && git config --local --unset-all 'http.https://github.com/.extraheader' || :"
2026-10-09T20:01:45.9280026Z [command]/usr/bin/git config --local --name-only --get-regexp ^includeIf\.gitdir:
2026-10-09T20:01:45.9321031Z [command]/usr/bin/git submodule foreach --recursive git config --local --show-origin --name-only --get-regexp remote.origin.url
2026-10-09T20:01:45.9712198Z Evaluate and set job outputs
2026-10-09T20:01:45.9718637Z Set output 'compile'
2026-10-09T20:01:45.9720531Z Cleaning up orphan processes
2026-10-09T20:01:46.0015911Z ##[warning]Node.js 20 is deprecated. The following actions target Node.js 20 but are being forced to run on Node.js 24: actions/upload-artifact@ea165f8d65b6e75b540449e92b4886f43607fa02. For more information see: https://github.blog/changelog/2025-09-19-deprecation-of-node-20-on-github-actions-runners/
