2026-10-09T19:10:18.7326845Z Current runner version: '2.337.0'
2026-10-09T19:10:18.7351254Z ##[group]Runner Image Provisioner
2026-10-09T19:10:18.7352238Z Hosted Compute Agent
2026-10-09T19:10:18.7352845Z Version: 20261002.596
2026-10-09T19:10:18.7353495Z Commit: c3d12f3313a95f25162a1503be624f3b0617f8c0
2026-10-09T19:10:18.7354312Z Build Date: 2026-10-02T22:28:27Z
2026-10-09T19:10:18.7355010Z Worker ID: {c5745391-dc8b-41ea-8d34-bd53af7f69b8}
2026-10-09T19:10:18.7356008Z Region: westus2
2026-10-09T19:10:18.7356618Z Cloud: Azure
2026-10-09T19:10:18.7357205Z ##[endgroup]
2026-10-09T19:10:18.7358769Z ##[group]Operating System
2026-10-09T19:10:18.7359429Z Ubuntu
2026-10-09T19:10:18.7360060Z 24.04.5
2026-10-09T19:10:18.7360600Z LTS
2026-10-09T19:10:18.7361157Z ##[endgroup]
2026-10-09T19:10:18.7361778Z ##[group]Runner Image
2026-10-09T19:10:18.7362399Z Image: ubuntu-24.04
2026-10-09T19:10:18.7363000Z Version: 20261004.327.1
2026-10-09T19:10:18.7364351Z Included Software: https://github.com/actions/runner-images/blob/ubuntu24/20261004.327/images/ubuntu/Ubuntu2404-Readme.md
2026-10-09T19:10:18.7366499Z Image Release: https://github.com/actions/runner-images/releases/tag/ubuntu24%2F20261004.327
2026-10-09T19:10:18.7367548Z ##[endgroup]
2026-10-09T19:10:18.7368749Z ##[group]GITHUB_TOKEN Permissions
2026-10-09T19:10:18.7370694Z Contents: read
2026-10-09T19:10:18.7371309Z Metadata: read
2026-10-09T19:10:18.7371980Z ##[endgroup]
2026-10-09T19:10:18.7374161Z Secret source: Actions
2026-10-09T19:10:18.7375234Z Cache mode: write
2026-10-09T19:10:18.7376351Z Prepare workflow directory
2026-10-09T19:10:18.7784480Z Prepare all required actions
2026-10-09T19:10:18.7835337Z Getting action download info
2026-10-09T19:10:19.1602746Z Download action repository 'actions/checkout@fbc6f3992d24b796d5a048ff273f7fcc4a7b6c09' (SHA:fbc6f3992d24b796d5a048ff273f7fcc4a7b6c09)
2026-10-09T19:10:19.2479062Z Download action repository 'actions/upload-artifact@ea165f8d65b6e75b540449e92b4886f43607fa02' (SHA:ea165f8d65b6e75b540449e92b4886f43607fa02)
2026-10-09T19:10:19.4524037Z Complete job name: native_changes
2026-10-09T19:10:19.5321823Z ##[group]Run actions/checkout@fbc6f3992d24b796d5a048ff273f7fcc4a7b6c09
2026-10-09T19:10:19.5323240Z with:
2026-10-09T19:10:19.5323705Z   persist-credentials: false
2026-10-09T19:10:19.5324282Z   ref: ba8fec4f0a5cf54ccd7c2c7ed4de4fd976e514cf
2026-10-09T19:10:19.5324881Z   fetch-depth: 0
2026-10-09T19:10:19.5325345Z   repository: ghinz32-cloud/movefield
2026-10-09T19:10:19.5329713Z   token: ***
2026-10-09T19:10:19.5330156Z   ssh-strict: true
2026-10-09T19:10:19.5330598Z   ssh-user: git
2026-10-09T19:10:19.5331013Z   clean: true
2026-10-09T19:10:19.5331459Z   sparse-checkout-cone-mode: true
2026-10-09T19:10:19.5331977Z   fetch-tags: false
2026-10-09T19:10:19.5332414Z   show-progress: true
2026-10-09T19:10:19.5332871Z   lfs: false
2026-10-09T19:10:19.5333283Z   submodules: false
2026-10-09T19:10:19.5333742Z   set-safe-directory: true
2026-10-09T19:10:19.5334295Z   allow-unsafe-pr-checkout: false
2026-10-09T19:10:19.5335166Z env:
2026-10-09T19:10:19.5335604Z   CI: 1
2026-10-09T19:10:19.5336386Z   EXPO_NO_TELEMETRY: 1
2026-10-09T19:10:19.5336853Z ##[endgroup]
2026-10-09T19:10:19.6396516Z Syncing repository: ghinz32-cloud/movefield
2026-10-09T19:10:19.6398794Z ##[group]Getting Git version info
2026-10-09T19:10:19.6399545Z Working directory is '/home/runner/work/movefield/movefield'
2026-10-09T19:10:19.6401005Z [command]/usr/bin/git version
2026-10-09T19:10:19.6457149Z git version 2.55.0
2026-10-09T19:10:19.6483990Z ##[endgroup]
2026-10-09T19:10:19.6503763Z Temporarily overriding HOME='/home/runner/work/_temp/36e66feb-007e-4f40-af99-3eacb8fd8d11' before making global git config changes
2026-10-09T19:10:19.6506928Z Adding repository directory to the temporary git global config as a safe directory
2026-10-09T19:10:19.6510602Z [command]/usr/bin/git config --global --add safe.directory /home/runner/work/movefield/movefield
2026-10-09T19:10:19.6564200Z Deleting the contents of '/home/runner/work/movefield/movefield'
2026-10-09T19:10:19.6570435Z ##[group]Initializing the repository
2026-10-09T19:10:19.6578004Z [command]/usr/bin/git init /home/runner/work/movefield/movefield
2026-10-09T19:10:19.6702309Z hint: Using 'master' as the name for the initial branch. This default branch name
2026-10-09T19:10:19.6706248Z hint: will change to "main" in Git 3.0. To configure the initial branch name
2026-10-09T19:10:19.6708015Z hint: to use in all of your new repositories, which will suppress this warning,
2026-10-09T19:10:19.6709415Z hint: call:
2026-10-09T19:10:19.6710143Z hint:
2026-10-09T19:10:19.6711071Z hint: 	git config --global init.defaultBranch <name>
2026-10-09T19:10:19.6712125Z hint:
2026-10-09T19:10:19.6713111Z hint: Names commonly chosen instead of 'master' are 'main', 'trunk' and
2026-10-09T19:10:19.6714675Z hint: 'development'. The just-created branch can be renamed via this command:
2026-10-09T19:10:19.6716346Z hint:
2026-10-09T19:10:19.6717216Z hint: 	git branch -m <name>
2026-10-09T19:10:19.6718086Z hint:
2026-10-09T19:10:19.6719246Z hint: Disable this message with "git config set advice.defaultBranchName false"
2026-10-09T19:10:19.6721398Z Initialized empty Git repository in /home/runner/work/movefield/movefield/.git/
2026-10-09T19:10:19.6724660Z [command]/usr/bin/git remote add origin https://github.com/ghinz32-cloud/movefield
2026-10-09T19:10:19.6778518Z ##[endgroup]
2026-10-09T19:10:19.6779923Z ##[group]Disabling automatic garbage collection
2026-10-09T19:10:19.6782361Z [command]/usr/bin/git config --local gc.auto 0
2026-10-09T19:10:19.6818478Z ##[endgroup]
2026-10-09T19:10:19.6819808Z ##[group]Setting up auth
2026-10-09T19:10:19.6828283Z [command]/usr/bin/git config --local --name-only --get-regexp core\.sshCommand
2026-10-09T19:10:19.6874474Z [command]/usr/bin/git submodule foreach --recursive sh -c "git config --local --name-only --get-regexp 'core\.sshCommand' && git config --local --unset-all 'core.sshCommand' || :"
2026-10-09T19:10:19.7327069Z [command]/usr/bin/git config --local --name-only --get-regexp http\.https\:\/\/github\.com\/\.extraheader
2026-10-09T19:10:19.7368538Z [command]/usr/bin/git submodule foreach --recursive sh -c "git config --local --name-only --get-regexp 'http\.https\:\/\/github\.com\/\.extraheader' && git config --local --unset-all 'http.https://github.com/.extraheader' || :"
2026-10-09T19:10:19.7598557Z [command]/usr/bin/git config --local --name-only --get-regexp ^includeIf\.gitdir:
2026-10-09T19:10:19.7639571Z [command]/usr/bin/git submodule foreach --recursive git config --local --show-origin --name-only --get-regexp remote.origin.url
2026-10-09T19:10:19.7871724Z [command]/usr/bin/git config --local http.https://github.com/.extraheader AUTHORIZATION: basic ***
2026-10-09T19:10:19.7914214Z ##[endgroup]
2026-10-09T19:10:19.7915022Z ##[group]Fetching the repository
2026-10-09T19:10:19.7929941Z [command]/usr/bin/git -c protocol.version=2 fetch --prune --no-recurse-submodules origin +refs/heads/*:refs/remotes/origin/* +refs/tags/*:refs/tags/*
2026-10-09T19:10:23.3625086Z From https://github.com/ghinz32-cloud/movefield
2026-10-09T19:10:23.3627719Z  * [new branch]      audit/2026-10-08-quality -> origin/audit/2026-10-08-quality
2026-10-09T19:10:23.3629464Z  * [new branch]      gh-pages     -> origin/gh-pages
2026-10-09T19:10:23.3630902Z  * [new branch]      main         -> origin/main
2026-10-09T19:10:23.3632459Z  * [new branch]      restructure  -> origin/restructure
2026-10-09T19:10:23.3634088Z  * [new branch]      review-fixes -> origin/review-fixes
2026-10-09T19:10:23.3648085Z [command]/usr/bin/git rev-parse --verify --quiet ba8fec4f0a5cf54ccd7c2c7ed4de4fd976e514cf^{object}
2026-10-09T19:10:23.3678569Z ba8fec4f0a5cf54ccd7c2c7ed4de4fd976e514cf
2026-10-09T19:10:23.3683614Z ##[endgroup]
2026-10-09T19:10:23.3684797Z ##[group]Determining the checkout info
2026-10-09T19:10:23.3686209Z ##[endgroup]
2026-10-09T19:10:23.3692398Z [command]/usr/bin/git sparse-checkout disable
2026-10-09T19:10:23.3753828Z [command]/usr/bin/git config --local --unset-all extensions.worktreeConfig
2026-10-09T19:10:23.3785717Z ##[group]Checking out the ref
2026-10-09T19:10:23.3789026Z [command]/usr/bin/git checkout --progress --force ba8fec4f0a5cf54ccd7c2c7ed4de4fd976e514cf
2026-10-09T19:10:23.4856633Z Note: switching to 'ba8fec4f0a5cf54ccd7c2c7ed4de4fd976e514cf'.
2026-10-09T19:10:23.4858377Z 
2026-10-09T19:10:23.4859678Z You are in 'detached HEAD' state. You can look around, make experimental
2026-10-09T19:10:23.4861572Z changes and commit them, and you can discard any commits you make in this
2026-10-09T19:10:23.4863459Z state without impacting any branches by switching back to a branch.
2026-10-09T19:10:23.4864652Z 
2026-10-09T19:10:23.4865596Z If you want to create a new branch to retain commits you create, you may
2026-10-09T19:10:23.4868165Z do so (now or later) by using -c with the switch command. Example:
2026-10-09T19:10:23.4869406Z 
2026-10-09T19:10:23.4869949Z   git switch -c <new-branch-name>
2026-10-09T19:10:23.4870855Z 
2026-10-09T19:10:23.4871447Z Or undo this operation with:
2026-10-09T19:10:23.4872497Z 
2026-10-09T19:10:23.4873109Z   git switch -
2026-10-09T19:10:23.4873974Z 
2026-10-09T19:10:23.4875104Z Turn off this advice by setting config variable advice.detachedHead to false
2026-10-09T19:10:23.4876761Z 
2026-10-09T19:10:23.4878252Z HEAD is now at ba8fec4 Harden final native artifact policies, preserve CI builds and repair scoped SDK removal lint
2026-10-09T19:10:23.4882774Z ##[endgroup]
2026-10-09T19:10:23.4921171Z [command]/usr/bin/git log -1 --format=%H
2026-10-09T19:10:23.4948664Z ba8fec4f0a5cf54ccd7c2c7ed4de4fd976e514cf
2026-10-09T19:10:23.4958564Z ##[group]Removing auth
2026-10-09T19:10:23.4962107Z [command]/usr/bin/git config --local --name-only --get-regexp core\.sshCommand
2026-10-09T19:10:23.4994873Z [command]/usr/bin/git submodule foreach --recursive sh -c "git config --local --name-only --get-regexp 'core\.sshCommand' && git config --local --unset-all 'core.sshCommand' || :"
2026-10-09T19:10:23.5218477Z [command]/usr/bin/git config --local --name-only --get-regexp http\.https\:\/\/github\.com\/\.extraheader
2026-10-09T19:10:23.5248414Z http.https://github.com/.extraheader
2026-10-09T19:10:23.5259423Z [command]/usr/bin/git config --local --unset-all http.https://github.com/.extraheader
2026-10-09T19:10:23.5295583Z [command]/usr/bin/git submodule foreach --recursive sh -c "git config --local --name-only --get-regexp 'http\.https\:\/\/github\.com\/\.extraheader' && git config --local --unset-all 'http.https://github.com/.extraheader' || :"
2026-10-09T19:10:23.5514709Z [command]/usr/bin/git config --local --name-only --get-regexp ^includeIf\.gitdir:
2026-10-09T19:10:23.5554895Z [command]/usr/bin/git submodule foreach --recursive git config --local --show-origin --name-only --get-regexp remote.origin.url
2026-10-09T19:10:23.5781543Z ##[endgroup]
2026-10-09T19:10:23.6007804Z ##[group]Run mkdir -p native-evidence/gate
2026-10-09T19:10:23.6008756Z [36;1mmkdir -p native-evidence/gate[0m
2026-10-09T19:10:23.6009814Z [36;1mpython3 scripts/native-change-gate.py > native-evidence/gate/decision.json[0m
2026-10-09T19:10:23.6263933Z shell: /usr/bin/bash -e {0}
2026-10-09T19:10:23.6264745Z env:
2026-10-09T19:10:23.6265340Z   CI: 1
2026-10-09T19:10:23.6266128Z   EXPO_NO_TELEMETRY: 1
2026-10-09T19:10:23.6266975Z   NATIVE_SOURCE_SHA: ba8fec4f0a5cf54ccd7c2c7ed4de4fd976e514cf
2026-10-09T19:10:23.6267919Z ##[endgroup]
2026-10-09T19:10:23.6983303Z ##[group]Run actions/upload-artifact@ea165f8d65b6e75b540449e92b4886f43607fa02
2026-10-09T19:10:23.6984324Z with:
2026-10-09T19:10:23.6984915Z   name: native-input-decision
2026-10-09T19:10:23.6985581Z   path: native-evidence/gate
2026-10-09T19:10:23.6986628Z   if-no-files-found: warn
2026-10-09T19:10:23.6987251Z   compression-level: 6
2026-10-09T19:10:23.6987842Z   overwrite: false
2026-10-09T19:10:23.6988430Z   include-hidden-files: false
2026-10-09T19:10:23.6989055Z env:
2026-10-09T19:10:23.6989555Z   CI: 1
2026-10-09T19:10:23.6990079Z   EXPO_NO_TELEMETRY: 1
2026-10-09T19:10:23.6990660Z ##[endgroup]
2026-10-09T19:10:23.8678214Z (node:2375) [DEP0040] DeprecationWarning: The `punycode` module is deprecated. Please use a userland alternative instead.
2026-10-09T19:10:23.8681048Z (Use `node --trace-deprecation ...` to show where the warning was created)
2026-10-09T19:10:23.8706787Z With the provided path, there will be 1 file uploaded
2026-10-09T19:10:23.8718443Z Artifact name is valid!
2026-10-09T19:10:23.8720163Z Root directory input is valid!
2026-10-09T19:10:24.2635093Z Beginning upload of artifact content to blob storage
2026-10-09T19:10:24.2842849Z (node:2375) [DEP0169] DeprecationWarning: `url.parse()` behavior is not standardized and prone to errors that have security implications. Use the WHATWG URL API instead. CVEs are not issued for `url.parse()` vulnerabilities.
2026-10-09T19:10:24.5645103Z Uploaded bytes 464
2026-10-09T19:10:24.6452964Z Finished uploading artifact content to blob storage!
2026-10-09T19:10:24.6453872Z SHA256 digest of uploaded artifact zip is 0dfd8efd2462fe29193048378ab6c56099d98af3da71f37a7133f6b5f3e4091c
2026-10-09T19:10:24.6456594Z Finalizing artifact upload
2026-10-09T19:10:24.9397553Z Artifact native-input-decision.zip successfully finalized. Artifact ID 11639279064
2026-10-09T19:10:24.9399371Z Artifact native-input-decision has been successfully uploaded! Final size is 464 bytes. Artifact ID is 11639279064
2026-10-09T19:10:24.9400962Z Artifact download URL: https://github.com/ghinz32-cloud/movefield/actions/runs/37978371785/artifacts/11639279064
2026-10-09T19:10:24.9640979Z Post job cleanup.
2026-10-09T19:10:25.0485810Z [command]/usr/bin/git version
2026-10-09T19:10:25.0532980Z git version 2.55.0
2026-10-09T19:10:25.0608443Z Temporarily overriding HOME='/home/runner/work/_temp/ed46072e-6ee6-46f8-bdd2-9f6001208fcd' before making global git config changes
2026-10-09T19:10:25.0609910Z Adding repository directory to the temporary git global config as a safe directory
2026-10-09T19:10:25.0615172Z [command]/usr/bin/git config --global --add safe.directory /home/runner/work/movefield/movefield
2026-10-09T19:10:25.0657721Z [command]/usr/bin/git config --local --name-only --get-regexp core\.sshCommand
2026-10-09T19:10:25.0699661Z [command]/usr/bin/git submodule foreach --recursive sh -c "git config --local --name-only --get-regexp 'core\.sshCommand' && git config --local --unset-all 'core.sshCommand' || :"
2026-10-09T19:10:25.0961002Z [command]/usr/bin/git config --local --name-only --get-regexp http\.https\:\/\/github\.com\/\.extraheader
2026-10-09T19:10:25.0993826Z [command]/usr/bin/git submodule foreach --recursive sh -c "git config --local --name-only --get-regexp 'http\.https\:\/\/github\.com\/\.extraheader' && git config --local --unset-all 'http.https://github.com/.extraheader' || :"
2026-10-09T19:10:25.1249618Z [command]/usr/bin/git config --local --name-only --get-regexp ^includeIf\.gitdir:
2026-10-09T19:10:25.1289065Z [command]/usr/bin/git submodule foreach --recursive git config --local --show-origin --name-only --get-regexp remote.origin.url
2026-10-09T19:10:25.1693103Z Evaluate and set job outputs
2026-10-09T19:10:25.1699176Z Set output 'compile'
2026-10-09T19:10:25.1701062Z Cleaning up orphan processes
2026-10-09T19:10:25.2002629Z ##[warning]Node.js 20 is deprecated. The following actions target Node.js 20 but are being forced to run on Node.js 24: actions/upload-artifact@ea165f8d65b6e75b540449e92b4886f43607fa02. For more information see: https://github.blog/changelog/2025-09-19-deprecation-of-node-20-on-github-actions-runners/
